Microchip MPLAB XC8 Compiler V3.10

Linker command line:

-W-3 \
  --edf=C:\Program Files\Microchip\xc8\v3.10\pic\dat\20250813170317_en.msgs \
  -cn -h+dist/default/debug\OpenApollo_PIC18F46K22_Servo_ADC.X.debug.sym \
  --cmf=dist/default/debug\OpenApollo_PIC18F46K22_Servo_ADC.X.debug.cmf -z \
  -Q18F46K22 -oC:\Users\totht\AppData\Local\Temp\xcAs88o.0\driver_tmp_3.o \
  --defsym=__MPLAB_BUILD=1 --fixupoverflow=error \
  -Mdist/default/debug/OpenApollo_PIC18F46K22_Servo_ADC.X.debug.map \
  --md=C:\Users\totht\AppData\Local\Temp\xcAs88o.0\driver_tmp_0.dat -E1 \
  -ver=XC8 Compiler -ACODE=00h-0FFFFh -ACONST=00h-0FFFFh \
  -ASMALLCONST=01000h-010FFhx240 -AMEDIUMCONST=01000h-0FFFFh \
  -ACOMRAM=01h-05Fh -AABS1=00h-0F37h -ABIGRAM=01h-0F37h \
  -ARAM=060h-0FFh,0100h-01FFhx14,0F00h-0F37h -ABANK0=060h-0FFh \
  -ABANK1=0100h-01FFh -ABANK2=0200h-02FFh -ABANK3=0300h-03FFh \
  -ABANK4=0400h-04FFh -ABANK5=0500h-05FFh -ABANK6=0600h-06FFh \
  -ABANK7=0700h-07FFh -ABANK8=0800h-08FFh -ABANK9=0900h-09FFh \
  -ABANK10=0A00h-0AFFh -ABANK11=0B00h-0BFFh -ABANK12=0C00h-0CFFh \
  -ABANK13=0D00h-0DFFh -ABANK14=0E00h-0EFFh -ABANK15=0F00h-0F37h \
  -ASFR=0F38h-0F5Fh,0F60h-0FFFh -ABIGSFR=0F38h-0FFFh \
  -ACONFIG=0300000h-030000Dh -AIDLOC=0200000h-0200007h \
  -AEEDATA=0F00000h-0F003FFh -peeprom_data=EEDATA \
  -preset_vec=00h,intcode=8h,intcodelo=18h,sivt_lo,sivt_hi=CODE \
  -ppowerup=CODE,init -pramtop=01000h -psmallconst=SMALLCONST \
  -pmediumconst=MEDIUMCONST -pconst=CONST -AFARRAM=00h-00h \
  -prdata=COMRAM,nvrram=COMRAM,nvbit=COMRAM,rbss=COMRAM,rbit=COMRAM \
  -pfarbss=FARRAM,fardata=FARRAM,nvFARRAM=FARRAM \
  -pintsave_regs=BIGRAM,bigbss=BIGRAM,bigdata=BIGRAM -pbss=RAM \
  -pidata=CODE,irdata=CODE,ibigdata=CODE,ifardata=CODE -prparam=COMRAM \
  C:\Users\totht\AppData\Local\Temp\xcAs88o.0\driver_tmp_14.o \
  dist/default/debug\OpenApollo_PIC18F46K22_Servo_ADC.X.debug.o 

Object code version is 3.11

Machine type is 18F46K22



                Name                               Link     Load   Length Selector   Space Scale
C:\Users\totht\AppData\Local\Temp\xcAs88o.0\driver_tmp_14.o
                init                               FFFC     FFFC        4     7FFE       0
                reset_vec                             0        0        4        0       0
dist/default/debug\OpenApollo_PIC18F46K22_Servo_ADC.X.debug.o
                smallconst                         1000     1000       1C      800       0
                text20                             21EA     21EA       7E      80E       0
                text19                             22CC     22CC       64      80E       0
                text18                             1442     1442      38E      80E       0
                text17                             101C     101C      426      80E       0
                text16                             1D10     1D10      106      80E       0
                text15                             19BA     19BA      1B4      80E       0
                text14                             1FD2     1FD2       C0      80E       0
                text13                             2092     2092       AE      80E       0
                text12                             2458     2458       34      80E       0
                text11                             2506     2506        2     1276       0
                text10                             2140     2140       AA      80E       0
                text9                              1B6E     1B6E      1A2      80E       0
                text8                              2420     2420       38      80E       0
                text7                              248C     248C       30      80E       0
                text6                              1EFA     1EFA       D8      80E       0
                text5                              1E16     1E16       E4      80E       0
                text4                              2386     2386       56      80E       0
                text3                              2330     2330       56      80E       0
                text2                              24EC     24EC       1A     1276       0
                text1                              2268     2268       64      80E       0
                text0                              17D0     17D0      1EA      80E       0
                cstackCOMRAM                          1        1       4E        1       1
                cstackBANK0                          C9       C9       26       60       1
                dataBANK0                            9A       9A       2F       60       1
                bssBANK0                             60       60       3A       60       1
                bssCOMRAM                            4F       4F        5        1       1
                cinit                              23DC     23DC       44      80E       0
                idataBANK0                         24BC     24BC       2F      80E       0

TOTAL           Name                               Link     Load   Length     Space
        CLASS   CODE           
                init                               FFFC     FFFC        4         0
                reset_vec                             0        0        4         0
                text20                             21EA     21EA       7E         0
                text19                             22CC     22CC       64         0
                text18                             1442     1442      38E         0
                text17                             101C     101C      426         0
                text16                             1D10     1D10      106         0
                text15                             19BA     19BA      1B4         0
                text14                             1FD2     1FD2       C0         0
                text13                             2092     2092       AE         0
                text12                             2458     2458       34         0
                text11                             2506     2506        2         0
                text10                             2140     2140       AA         0
                text9                              1B6E     1B6E      1A2         0
                text8                              2420     2420       38         0
                text7                              248C     248C       30         0
                text6                              1EFA     1EFA       D8         0
                text5                              1E16     1E16       E4         0
                text4                              2386     2386       56         0
                text3                              2330     2330       56         0
                text2                              24EC     24EC       1A         0
                text1                              2268     2268       64         0
                text0                              17D0     17D0      1EA         0
                cinit                              23DC     23DC       44         0
                idataBANK0                         24BC     24BC       2F         0

        CLASS   CONST          

        CLASS   SMALLCONST     
                smallconst                         1000     1000       1C         0

        CLASS   MEDIUMCONST    

        CLASS   COMRAM         
                cstackCOMRAM                          1        1       4E         1
                bssCOMRAM                            4F       4F        5         1

        CLASS   ABS1           

        CLASS   BIGRAM         

        CLASS   RAM            

        CLASS   BANK0          
                cstackBANK0                          C9       C9       26         1
                dataBANK0                            9A       9A       2F         1
                bssBANK0                             60       60       3A         1

        CLASS   BANK1          

        CLASS   BANK2          

        CLASS   BANK3          

        CLASS   BANK4          

        CLASS   BANK5          

        CLASS   BANK6          

        CLASS   BANK7          

        CLASS   BANK8          

        CLASS   BANK9          

        CLASS   BANK10         

        CLASS   BANK11         

        CLASS   BANK12         

        CLASS   BANK13         

        CLASS   BANK14         

        CLASS   BANK15         

        CLASS   SFR            

        CLASS   BIGSFR         

        CLASS   CONFIG         

        CLASS   IDLOC          

        CLASS   EEDATA         

        CLASS   FARRAM         

        CLASS   HEAP           

        CLASS   STACK          



SEGMENTS        Name                           Load    Length   Top    Selector   Space  Class

                reset_vec                      000000  000004  000004         0       0  CODE    
                cstackCOMRAM                   000001  000053  000054         1       1  COMRAM  
                bssBANK0                       000060  00008F  0000EF        60       1  BANK0   
                smallconst                     001000  00001C  00101C       800       0  SMALLCON
                text17                         00101C  0014CF  0024EB       80E       0  CODE    
                text2                          0024EC  00001C  002508      1276       0  CODE    
                init                           00FFFC  000004  010000      7FFE       0  CODE    


UNUSED ADDRESS RANGES

        Name                Unused          Largest block    Delta
        BANK0            000EF-000FF              11
        BANK1            00100-001FF             100
        BANK10           00A00-00AFF             100
        BANK11           00B00-00BFF             100
        BANK12           00C00-00CFF             100
        BANK13           00D00-00DFF             100
        BANK14           00E00-00EFF             100
        BANK15           00F00-00F37              38
        BANK2            00200-002FF             100
        BANK3            00300-003FF             100
        BANK4            00400-004FF             100
        BANK5            00500-005FF             100
        BANK6            00600-006FF             100
        BANK7            00700-007FF             100
        BANK8            00800-008FF             100
        BANK9            00900-009FF             100
        BIGRAM           00054-0005F               C
                         000EF-00F37             E49
        BIGSFR           00F38-00FFF              C8
        CODE             00004-00FFF             FFC
                         024EB-024EB               1
                         02508-0FFFB            DAF4
        COMRAM           00054-0005F               C
        CONFIG           300000-30000D               E
        CONST            00004-00FFF             FFC
                         024EB-024EB               1
                         02508-0FFFB            DAF4
        EEDATA           F00000-F003FF             400
        IDLOC            200000-200007               8
        MEDIUMCONST      024EB-024EB               1
                         02508-0FFFB            DAF4
        RAM              000EF-00F37             100
        SFR              00F38-00FFF              28
        SMALLCONST       024EB-024EB               1
                         02508-0FFFB             100

                                  Symbol Table

?___awdiv                cstackCOMRAM 00001
?___awmod                cstackCOMRAM 00001
?___fldiv                cstackCOMRAM 0000F
?___flmul                cstackCOMRAM 00001
?___fltol                cstackCOMRAM 0001A
?___xxtofl               cstackCOMRAM 00001
?_abs                    cstackCOMRAM 00007
?_sprintf                cstackCOMRAM 0001A
?_vfprintf               cstackCOMRAM 00016
_ADCON0bits              (abs)        00FC2
_ADCON1bits              (abs)        00FC1
_ADCON2bits              (abs)        00FC0
_ADRESH                  (abs)        00FC4
_ADRESL                  (abs)        00FC3
_ANSELAbits              (abs)        00F38
_ANSELBbits              (abs)        00F39
_ANSELCbits              (abs)        00F3A
_ANSELEbits              (abs)        00F3C
_BAUDCON1bits            (abs)        00FB8
_OSCCONbits              (abs)        00FD3
_PIR1bits                (abs)        00F9E
_RCSTA1bits              (abs)        00FAB
_SPBRG1                  (abs)        00FAF
_TRISAbits               (abs)        00F92
_TRISBbits               (abs)        00F93
_TRISCbits               (abs)        00F94
_TRISEbits               (abs)        00F96
_TXREG1                  (abs)        00FAD
_TXSTA1bits              (abs)        00FAC
_VREFCON0bits            (abs)        00F42
__HRAM                   (abs)        00000
__H__absolute__          __absolute__ 00000
__Habs1                  abs1         00000
__Hbank0                 bank0        00000
__Hbank1                 bank1        00000
__Hbank10                bank10       00000
__Hbank11                bank11       00000
__Hbank12                bank12       00000
__Hbank13                bank13       00000
__Hbank14                bank14       00000
__Hbank15                bank15       00000
__Hbank2                 bank2        00000
__Hbank3                 bank3        00000
__Hbank4                 bank4        00000
__Hbank5                 bank5        00000
__Hbank6                 bank6        00000
__Hbank7                 bank7        00000
__Hbank8                 bank8        00000
__Hbank9                 bank9        00000
__Hbigbss                bigbss       00000
__Hbigdata               bigdata      00000
__Hbigram                bigram       00000
__Hbigsfr                bigsfr       00000
__Hbss                   bss          00000
__HbssBANK0              bssBANK0     00000
__HbssCOMRAM             bssCOMRAM    00000
__Hcinit                 cinit        00000
__Hclrtext               clrtext      00000
__Hcomram                comram       00000
__Hconfig                config       00000
__Hconst                 const        00000
__HcstackBANK0           cstackBANK0  00000
__HcstackCOMRAM          cstackCOMRAM 00000
__Hdata                  data         00000
__HdataBANK0             dataBANK0    00000
__Heeprom_data           eeprom_data  00000
__Hfarbss                farbss       00000
__Hfardata               fardata      00000
__Hheap                  heap         00000
__Hibigdata              ibigdata     00000
__Hidata                 idata        00000
__HidataBANK0            idataBANK0   00000
__Hidloc                 idloc        00000
__Hifardata              ifardata     00000
__Hinit                  init         10000
__Hintcode               intcode      00008
__Hintcode_body          intcode_body 00000
__Hintcodelo             intcodelo    00018
__Hintentry              intentry     00000
__Hintret                intret       00000
__Hintsave_regs          intsave_regs 00000
__Hirdata                irdata       00000
__Hmediumconst           mediumconst  00000
__HnvFARRAM              nvFARRAM     00000
__Hnvbit                 nvbit        00000
__Hnvrram                nvrram       00000
__Hparam                 rparam       00000
__Hpowerup               powerup      00000
__Hram                   ram          00000
__Hramtop                ramtop       01000
__Hrbit                  rbit         00000
__Hrbss                  rbss         00000
__Hrdata                 rdata        00000
__Hreset_vec             reset_vec    00004
__Hrparam                rparam       00000
__Hsfr                   sfr          00000
__Hsivt_hi               sivt_hi      00000
__Hsivt_lo               sivt_lo      00018
__Hsmallconst            smallconst   0101C
__Hspace_0               (abs)        10000
__Hspace_1               (abs)        000EF
__Hspace_2               (abs)        00000
__Hspace_4               (abs)        00000
__Hstack                 stack        00000
__Hstruct                struct       00000
__Htemp                  temp         00000
__Htext                  text         00000
__Htext0                 text0        00000
__Htext1                 text1        00000
__Htext10                text10       00000
__Htext11                text11       00000
__Htext12                text12       00000
__Htext13                text13       00000
__Htext14                text14       00000
__Htext15                text15       00000
__Htext16                text16       00000
__Htext17                text17       00000
__Htext18                text18       00000
__Htext19                text19       00000
__Htext2                 text2        00000
__Htext20                text20       00000
__Htext3                 text3        00000
__Htext4                 text4        00000
__Htext5                 text5        00000
__Htext6                 text6        00000
__Htext7                 text7        00000
__Htext8                 text8        00000
__Htext9                 text9        00000
__LRAM                   (abs)        00001
__L__absolute__          __absolute__ 00000
__Labs1                  abs1         00000
__Lbank0                 bank0        00000
__Lbank1                 bank1        00000
__Lbank10                bank10       00000
__Lbank11                bank11       00000
__Lbank12                bank12       00000
__Lbank13                bank13       00000
__Lbank14                bank14       00000
__Lbank15                bank15       00000
__Lbank2                 bank2        00000
__Lbank3                 bank3        00000
__Lbank4                 bank4        00000
__Lbank5                 bank5        00000
__Lbank6                 bank6        00000
__Lbank7                 bank7        00000
__Lbank8                 bank8        00000
__Lbank9                 bank9        00000
__Lbigbss                bigbss       00000
__Lbigdata               bigdata      00000
__Lbigram                bigram       00000
__Lbigsfr                bigsfr       00000
__Lbss                   bss          00000
__LbssBANK0              bssBANK0     00000
__LbssCOMRAM             bssCOMRAM    00000
__Lcinit                 cinit        00000
__Lclrtext               clrtext      00000
__Lcomram                comram       00000
__Lconfig                config       00000
__Lconst                 const        00000
__LcstackBANK0           cstackBANK0  00000
__LcstackCOMRAM          cstackCOMRAM 00000
__Ldata                  data         00000
__LdataBANK0             dataBANK0    00000
__Leeprom_data           eeprom_data  00000
__Lfarbss                farbss       00000
__Lfardata               fardata      00000
__Lheap                  heap         00000
__Libigdata              ibigdata     00000
__Lidata                 idata        00000
__LidataBANK0            idataBANK0   00000
__Lidloc                 idloc        00000
__Lifardata              ifardata     00000
__Linit                  init         0FFFC
__Lintcode               intcode      00008
__Lintcode_body          intcode_body 00000
__Lintcodelo             intcodelo    00018
__Lintentry              intentry     00000
__Lintret                intret       00000
__Lintsave_regs          intsave_regs 00000
__Lirdata                irdata       00000
__Lmediumconst           mediumconst  00000
__LnvFARRAM              nvFARRAM     00000
__Lnvbit                 nvbit        00000
__Lnvrram                nvrram       00000
__Lparam                 rparam       00000
__Lpowerup               powerup      00000
__Lram                   ram          00000
__Lramtop                ramtop       01000
__Lrbit                  rbit         00000
__Lrbss                  rbss         00000
__Lrdata                 rdata        00000
__Lreset_vec             reset_vec    00000
__Lrparam                rparam       00000
__Lsfr                   sfr          00000
__Lsivt_hi               sivt_hi      00000
__Lsivt_lo               sivt_lo      00018
__Lsmallconst            smallconst   01000
__Lspace_0               (abs)        00000
__Lspace_1               (abs)        00000
__Lspace_2               (abs)        00000
__Lspace_4               (abs)        00000
__Lstack                 stack        00000
__Lstruct                struct       00000
__Ltemp                  temp         00000
__Ltext                  text         00000
__Ltext0                 text0        00000
__Ltext1                 text1        00000
__Ltext10                text10       00000
__Ltext11                text11       00000
__Ltext12                text12       00000
__Ltext13                text13       00000
__Ltext14                text14       00000
__Ltext15                text15       00000
__Ltext16                text16       00000
__Ltext17                text17       00000
__Ltext18                text18       00000
__Ltext19                text19       00000
__Ltext2                 text2        00000
__Ltext20                text20       00000
__Ltext3                 text3        00000
__Ltext4                 text4        00000
__Ltext5                 text5        00000
__Ltext6                 text6        00000
__Ltext7                 text7        00000
__Ltext8                 text8        00000
__Ltext9                 text9        00000
__S0                     (abs)        10000
__S1                     (abs)        000EF
__S4                     (abs)        00000
__S5                     (abs)        00000
___awdiv                 text14       01FD2
___awdiv@counter         cstackCOMRAM 00005
___awdiv@dividend        cstackCOMRAM 00001
___awdiv@divisor         cstackCOMRAM 00003
___awdiv@quotient        cstackCOMRAM 00007
___awdiv@sign            cstackCOMRAM 00006
___awmod                 text13       02092
___awmod@counter         cstackCOMRAM 00005
___awmod@dividend        cstackCOMRAM 00001
___awmod@divisor         cstackCOMRAM 00003
___awmod@sign            cstackCOMRAM 00006
___fldiv                 text18       01442
___fldiv@a               cstackCOMRAM 00013
___fldiv@aexp            cstackCOMRAM 00027
___fldiv@b               cstackCOMRAM 0000F
___fldiv@bexp            cstackCOMRAM 00026
___fldiv@grs             cstackCOMRAM 00022
___fldiv@new_exp         cstackCOMRAM 00020
___fldiv@rem             cstackCOMRAM 0001B
___fldiv@sign            cstackCOMRAM 0001F
___flmul                 text17       0101C
___flmul@a               cstackCOMRAM 00005
___flmul@aexp            cstackCOMRAM 00012
___flmul@b               cstackCOMRAM 00001
___flmul@bexp            cstackCOMRAM 00013
___flmul@grs             cstackCOMRAM 0000E
___flmul@prod            cstackCOMRAM 00014
___flmul@sign            cstackCOMRAM 0000D
___flmul@temp            cstackCOMRAM 00018
___fltol                 text16       01D10
___fltol@exp1            cstackCOMRAM 00023
___fltol@f1              cstackCOMRAM 0001A
___fltol@sign1           cstackCOMRAM 00022
___heap_hi               (abs)        00000
___heap_lo               (abs)        00000
___inthi_sp              stack        00000
___inthi_stack_hi        stack        00000
___inthi_stack_lo        stack        00000
___intlo_sp              stack        00000
___intlo_stack_hi        stack        00000
___intlo_stack_lo        stack        00000
___param_bank            (abs)        00000
___rparam_used           (abs)        00001
___sp                    stack        00000
___stack_hi              stack        00000
___stack_lo              stack        00000
___xxtofl                text15       019BA
___xxtofl@arg            cstackCOMRAM 0000B
___xxtofl@exp            cstackCOMRAM 0000A
___xxtofl@sign           cstackCOMRAM 00009
___xxtofl@val            cstackCOMRAM 00001
__accesstop              (abs)        00060
__activetblptr           (abs)        00001
__end_of_R               smallconst   01015
__end_of___awdiv         text14       02092
__end_of___awmod         text13       02140
__end_of___fldiv         text18       017D0
__end_of___flmul         text17       01442
__end_of___fltol         text16       01E16
__end_of___xxtofl        text15       01B6E
__end_of__initialization cinit        02412
__end_of_abs             text12       0248C
__end_of_adcsetup        text20       02268
__end_of_adcsuccess      text19       02330
__end_of_dectohex        text5        01EFA
__end_of_fputc           text10       021EA
__end_of_main            text0        019BA
__end_of_putch           text11       02508
__end_of_sprintf         text7        024BC
__end_of_uartEnd         text4        023DC
__end_of_uartStart       text3        02386
__end_of_uartsetup       text2        02506
__end_of_uartsuccess     text1        022CC
__end_of_uarttx          text6        01FD2
__end_of_vfpfcnvrt       text9        01D10
__end_of_vfprintf        text8        02458
__end_ofuartEnd@F6355    smallconst   01011
__end_ofuartStart@F6351  smallconst   0100A
__end_ofuarttx@F6361     smallconst   01018
__initialization         cinit        023DC
__mediumconst            smallconst   01000
__pbssBANK0              bssBANK0     00060
__pbssCOMRAM             bssCOMRAM    0004F
__pcinit                 cinit        023DC
__pcstackBANK0           cstackBANK0  000C9
__pcstackCOMRAM          cstackCOMRAM 00001
__pdataBANK0             dataBANK0    0009A
__pidataBANK0            idataBANK0   024BC
__psmallconst            smallconst   01000
__ptext0                 text0        017D0
__ptext1                 text1        02268
__ptext10                text10       02140
__ptext11                text11       02506
__ptext12                text12       02458
__ptext13                text13       02092
__ptext14                text14       01FD2
__ptext15                text15       019BA
__ptext16                text16       01D10
__ptext17                text17       0101C
__ptext18                text18       01442
__ptext19                text19       022CC
__ptext2                 text2        024EC
__ptext20                text20       021EA
__ptext3                 text3        02330
__ptext4                 text4        02386
__ptext5                 text5        01E16
__ptext6                 text6        01EFA
__ptext7                 text7        0248C
__ptext8                 text8        02420
__ptext9                 text9        01B6E
__ramtop                 ramtop       01000
__smallconst             smallconst   01000
_abs                     text12       02458
_adcsetup                text20       021EA
_adcsuccess              text19       022CC
_dbuf                    bssBANK0     00060
_dectohex                text5        01E16
_flags                   bssCOMRAM    00053
_fputc                   text10       02140
_main                    text0        017D0
_prec                    bssCOMRAM    00051
_putch                   text11       02506
_sprintf                 text7        0248C
_uartEnd                 text4        02386
_uartStart               text3        02330
_uartsetup               text2        024EC
_uartsuccess             text1        02268
_uarttx                  text6        01EFA
_vfpfcnvrt               text9        01B6E
_vfprintf                text8        02420
_width                   bssCOMRAM    0004F
abs@a                    cstackCOMRAM 00007
adcsuccess@F6345         dataBANK0    000B2
adcsuccess@i             cstackCOMRAM 00019
adcsuccess@message       cstackCOMRAM 00002
dectohex@Anum            cstackCOMRAM 0002C
dectohex@V               cstackCOMRAM 00041
dectohex@adcvalue        cstackCOMRAM 0002A
dectohex@current         cstackCOMRAM 00045
dectohex@currentInt      cstackCOMRAM 00049
dectohex@number          cstackCOMRAM 0004B
dectohex@numberValue     cstackCOMRAM 0002D
end_of_initialization    cinit        02412
fputc@c                  cstackCOMRAM 00001
fputc@fp                 cstackCOMRAM 00003
intlevel0                text         00000
intlevel1                text         00000
intlevel2                text         00000
intlevel3                text         00000
isa$std                  (abs)        00001
isa$xinst                (abs)        00000
main@ChSEL               cstackBANK0  000EC
main@i                   cstackBANK0  000ED
main@j                   cstackBANK0  000EA
main@label               cstackBANK0  000E3
main@results             cstackBANK0  000C9
sprintf@ap               cstackCOMRAM 0001E
sprintf@f                cstackCOMRAM 0001F
sprintf@fmt              cstackCOMRAM 0001B
sprintf@s                cstackCOMRAM 0001A
stackhi                  (abs)        00000
stacklo                  (abs)        00000
start                    init         0FFFC
start_initialization     cinit        023DC
uartEnd@F6355            smallconst   0100A
uartEnd@endMarker        cstackCOMRAM 00001
uartEnd@i                cstackCOMRAM 00008
uartStart@F6351          smallconst   01001
uartStart@i              cstackCOMRAM 0000A
uartStart@startMarker    cstackCOMRAM 00001
uartsuccess@F6341        dataBANK0    0009A
uartsuccess@i            cstackCOMRAM 0001A
uartsuccess@message      cstackCOMRAM 00002
uarttx@Anum              cstackCOMRAM 00002
uarttx@F6361             smallconst   01015
uarttx@i                 cstackCOMRAM 00006
uarttx@i_782             cstackCOMRAM 00008
uarttx@i_783             cstackCOMRAM 0000A
uarttx@message           cstackCOMRAM 00001
uarttx@newline           cstackCOMRAM 00003
vfpfcnvrt@ap             cstackCOMRAM 0000D
vfpfcnvrt@c              cstackCOMRAM 00015
vfpfcnvrt@convarg        cstackCOMRAM 00011
vfpfcnvrt@cp             cstackCOMRAM 00010
vfpfcnvrt@done           cstackCOMRAM 0000F
vfpfcnvrt@fmt            cstackCOMRAM 0000C
vfpfcnvrt@fp             cstackCOMRAM 0000B
vfprintf@ap              cstackCOMRAM 00018
vfprintf@cfmt            cstackCOMRAM 00019
vfprintf@fmt             cstackCOMRAM 00017
vfprintf@fp              cstackCOMRAM 00016


MODULE INFORMATION

Module		Function		Class		Link	Load	Size
C:\Program Files\Microchip\xc8\v3.10\pic\sources\c99\common\awmod.c
		___awmod       		CODE           	2092	0000	174

C:\Program Files\Microchip\xc8\v3.10\pic\sources\c99\common\awmod.c estimated size: 174

C:\Program Files\Microchip\xc8\v3.10\pic\sources\c99\common\putch.c
		_putch         		CODE           	2506	0000	2

C:\Program Files\Microchip\xc8\v3.10\pic\sources\c99\common\putch.c estimated size: 2

C:\Program Files\Microchip\xc8\v3.10\pic\sources\c99\common\abs.c
		_abs           		CODE           	2458	0000	52

C:\Program Files\Microchip\xc8\v3.10\pic\sources\c99\common\abs.c estimated size: 52

C:\Program Files\Microchip\xc8\v3.10\pic\sources\c99\common\awdiv.c
		___awdiv       		CODE           	1FD2	0000	192

C:\Program Files\Microchip\xc8\v3.10\pic\sources\c99\common\awdiv.c estimated size: 192

C:\Program Files\Microchip\xc8\v3.10\pic\sources\c99\common\fltol.c
		___fltol       		CODE           	1D10	0000	262

C:\Program Files\Microchip\xc8\v3.10\pic\sources\c99\common\fltol.c estimated size: 262

C:\Program Files\Microchip\xc8\v3.10\pic\sources\c99\common\sprcmul.c
		___flmul       		CODE           	101C	0000	1062

C:\Program Files\Microchip\xc8\v3.10\pic\sources\c99\common\sprcmul.c estimated size: 1062

C:\Program Files\Microchip\xc8\v3.10\pic\sources\c99\common\nf_sprintf.c
		_sprintf       		CODE           	248C	0000	48

C:\Program Files\Microchip\xc8\v3.10\pic\sources\c99\common\nf_sprintf.c estimated size: 48

C:\Program Files\Microchip\xc8\v3.10\pic\sources\c99\common\xxtofl.c
		___xxtofl      		CODE           	19BA	0000	436

C:\Program Files\Microchip\xc8\v3.10\pic\sources\c99\common\xxtofl.c estimated size: 436

C:\Program Files\Microchip\xc8\v3.10\pic\sources\c99\common\sprcdiv.c
		___fldiv       		CODE           	1442	0000	910

C:\Program Files\Microchip\xc8\v3.10\pic\sources\c99\common\sprcdiv.c estimated size: 910

shared
		uarttx@F6361   		SMALLCONST     	1015	0000	3
		__initialization		CODE           	23DC	0000	54
		uartStart@F6351		SMALLCONST     	1001	0000	9
		_R             		SMALLCONST     	0000	0000	0
		uartEnd@F6355  		SMALLCONST     	100A	0000	7

shared estimated size: 73

C:\Program Files\Microchip\xc8\v3.10\pic\sources\c99\common\nf_fputc.c
		_fputc         		CODE           	2140	0000	170

C:\Program Files\Microchip\xc8\v3.10\pic\sources\c99\common\nf_fputc.c estimated size: 170

C:\Program Files\Microchip\xc8\v3.10\pic\sources\c99\common\doprnt.c
		_vfpfcnvrt     		CODE           	1B6E	0000	418
		_vfprintf      		CODE           	2420	0000	56

C:\Program Files\Microchip\xc8\v3.10\pic\sources\c99\common\doprnt.c estimated size: 474

main.c
		_adcsetup      		CODE           	21EA	0000	126
		_uartStart     		CODE           	2330	0000	86
		_main          		CODE           	17D0	0000	490
		_uartsuccess   		CODE           	2268	0000	100
		_uarttx        		CODE           	1EFA	0000	216
		_uartsetup     		CODE           	24EC	0000	26
		_adcsuccess    		CODE           	22CC	0000	100
		_uartEnd       		CODE           	2386	0000	86
		_dectohex      		CODE           	1E16	0000	228

main.c estimated size: 1458

